#######################################################
#	Version: 0.2
#   Licence: GNU GPL
#	Autor: Sebastián Mallama - 1628004
#   Contact: sebastian.mallama at correounivalle.edu.co
#######################################################
MAP
	NAME Tarea2SIG3
		SIZE 1000 900
		STATUS ON
		#EXTENT [xmin] [ymin] [xmax] [ymax]
		EXTENT 1053855.50 860198.93 1068480.77 879011.06
		
		SHAPEPATH "geodata/"
		FONTSET "lib/fonts/fonts.txt"
		SYMBOLSET "lib/symbols/symbols.sym"
		
		IMAGECOLOR 255 255 255
		UNITS METERS

	WEB
		IMAGEPATH "/home/user/Desktop/taller2sig3/mapserver-sig3/tmp/"
		IMAGEURL "tmp/"
	END
	
###Leyenda
	LEGEND
		STATUS EMBED
		IMAGECOLOR 255 255 102
		POSITION LL
		KEYSIZE 20 12
		KEYSPACING 10 10
		LABEL
			TYPE TRUETYPE
			FONT "sans"
			SIZE 12
			COLOR 0 0 0
		END
		OUTLINECOLOR 51 51 51
		#TRANSPARENT on
	END
#Barra de escala grafica
	SCALEBAR
		STYLE 0
		STATUS EMBED
		SIZE 250 4
		COLOR 0 0 0
		UNITS METERS
		INTERVALS 5
		TRANSPARENT off
		POSITION LR
		BACKGROUNDCOLOR 255 255 255
		IMAGECOLOR 255 255 255
		OUTLINECOLOR 211 211 211
		LABEL
			COLOR 0 0 0
			SIZE TINY
		END 
	END
### Norte en el mapa
	LAYER
		NAME "Rosa de los vientos"
		TYPE POINT
		STATUS ON
		TRANSFORM OFF
		POSTLABELCACHE TRUE
		FEATURE
			POINTS 
				80 80
			END
		END

		CLASS
			SYMBOL 'rosavientos'
			COLOR 0 0 0
			OUTLINECOLOR 0 0 0
			STYLE END
		END
	END

#### Shapes de la IDESC

	LAYER
	  NAME "Rios"
	  TYPE RASTER
	  STATUS ON
	  CONNECTION "http://ws-idesc.cali.gov.co:8081/geoserver/wms?"
	  CONNECTIONTYPE WMS
	  METADATA
	    "wms_srs"             "EPSG:3115"
	    "wms_name"            "pot_2014:bcs_hid_rios"
	   "wms_server_version"  "1.1.0"
	   "wms_format"          "image/png"
	  END
	END 

	LAYER
	  NAME "Areas Protegidas"
	  TYPE RASTER
	  STATUS ON
	  CONNECTION "http://ws-idesc.cali.gov.co:8081/geoserver/wms?"
	  CONNECTIONTYPE WMS
	  METADATA
	    "wms_srs"             "EPSG:3115"
	    "wms_name"            "pot_2014:amb_eep_areas_protegidas"
	   "wms_server_version"  "1.1.0"
	   "wms_format"          "image/png"
	  END
	END 
	
	LAYER
	  NAME "Zona Ambiental Rio Cauca"
	  TYPE RASTER
	  STATUS ON
	  CONNECTION "http://ws-idesc.cali.gov.co:8081/geoserver/wms?"
	  CONNECTIONTYPE WMS
	  METADATA
	    "wms_srs"             "EPSG:3115"
	    "wms_name"            "pot_2014:amb_eep_aeie_proteccion_ambiental_rio_cauca"
	   "wms_server_version"  "1.1.0"
	   "wms_format"          "image/png"
	"DESCRIPTION"                "Zona"
	  END
	END 

#Shapes obtenidos de la carpeta geodatos
	LAYER
		NAME "Poligonos"
		STATUS ON
		DATA "barrios_cali.shp"
		TYPE POLYGON

		LABELITEM "barrio"
		LABELCACHE ON
		
		CLASS
			NAME "Barrios Cali"
			STYLE
				COLOR 150 200 3
				OUTLINECOLOR 0 0 0
			END
			
			LABEL
				COLOR 0 0 0
				FONT sans
				TYPE TRUETYPE
				POSITION CC
				PARTIALS TRUE
				SIZE 7
				BUFFER 1
				OUTLINECOLOR 255 255 255
			END
		END
	END
	
	LAYER
		NAME "Lineas"
		STATUS ON
		DATA "rutas_mio.shp"
		TYPE LINE
		CLASS
			NAME "Rutas MIO"
			STYLE
				COLOR 100 56 80
				OUTLINECOLOR 0 0 0
			END
		END
	END
	
	LAYER
		NAME "Puntos"
		STATUS ON
		DATA "estaciones_mio.shp"
		TYPE POINT
		CLASS
			NAME "Estaciones MIO"
			STYLE
			    SYMBOL star
				SIZE 10
				COLOR 0 254 152
				OUTLINECOLOR 0 255 0
			END
		END
	END
	
	LAYER
		NAME "Grilla"
		METADATA
			"DESCRIPTION" "Grid"
		END
		TYPE LINE
		STATUS ON
		CLASS
			NAME "Graticule"
			COLOR 0 0 0
			LABEL
				COLOR 255 0 0
				FONT sans
				TYPE truetype
				SIZE 8
				POSITION AUTO
				PARTIALS FALSE
				BUFFER 5
				OUTLINECOLOR 255 255 255
			END
		END
		PROJECTION
			"init=epsg:3115"
		END
		GRID
			#LABELFORMAT DDMM
			#MAXARCS 5
			#MAXINTERVAL 5
			#MAXSUBDIVIDE 2
			
			LABELFORMAT '%.0fm'
			MININTERVAL 5000
		END
	END
	
END